52     Rectangle                        39.3699:43.3099                      0.0000       60        0
53     Square                           55.1200                              0.0000        2        0
56     Rectangle                        43.3099:29.5299                      0.0000        2        0
61     Rectangle                        51.1800:49.2099                      0.0000        4        0
64     Rectangle                        62.9899:66.9299                      0.0000        4        0
75     Rectangle                        66.9299:62.9899                      0.0000       10        0
79     Rectangle                        47.2400:51.1800                      0.0000        4        0
122    Rectangle                        21.6499:19.6899                      0.0000      360        0
123    Rectangle                        19.6899:21.6499                      0.0000       10        0
175    Rectangle                        27.5600:21.6499                      0.0000        2        0
188    Oblong                           16.0000:52.1699                      0.0000        5        0
189    Oblong                           56.1800:11.0000                      0.0000        8        0
190    acap0010                         78.7400:98.4200                      0.0000        4        0
191    acap0011                         66.5800:108.2800                     0.0000        8        0
192    acap0013                         55.1200:31.5000                      0.0000        3        0
193    acap0013                         55.1200:31.5000                      90.0000       21        0
194    acap0014                         47.2400:43.3000                      0.0000       12        0
195    acap0014                         47.2400:43.3000                      90.0000        6        0
196    Oblong                           12.0000:58.1372                      0.0000        8        0
197    Oblong                           58.1372:12.0000                      0.0000        8        0
198    Oblong                           8.6000:60.1200                       0.0000       32        0
199    Oblong                           60.1200:8.6000                       0.0000       32        0
200    acap0015                         106.3000:63.0000                     0.0000        8        0
201    acap0015                         106.3000:63.0000                     90.0000        2        0
202    Oblong                           11.8099:65.0406                      0.0000       32        0
203    acap0016                         99.6000:25.0600                      0.0000        8        0
204    acap0017                         47.2400:47.2400                      0.0000        6        0
205    acap0018                         62.0000:98.4000                      0.0000        7        0
206    acap0019                         56.1000:138.3400                     0.0000        1        0
207    acap0020                         56.1000:138.4800                     0.0000        1        0
208    acap0021                         110.2000:39.4000                     0.0000        8        0
209    acap0022                         110.2400:157.4800                    0.0000        4        0
210    Oblong                           12.0000:56.9572                      0.0000        8        0
