Project file name: g:\.shortcut-targets-by-id\10zyonn3mvbs_mgldllkvielpuxfjsxrq\1. roberto cruz\1. aguardando edição\42419 - sem_pi#2 - newsan - step\42419.cam
Time/Date:         16:43:01 segunda-feira, 24 de agosto de 2026
Layer: 42419_PASTE
Dcode  Type                             Size                                 Angle   Flashes    Draws
=====  ================================ ===================================  ======  =======   =======
123    Oblong                           46.3402:8.6000                       0.0000      320        0
124    Oblong                           8.6000:38.4598                       0.0000      320        0
125    Oblong                           8.6000:66.0200                       0.0000      160        0
126    Oblong                           66.0200:8.6000                       0.0000       80        0
127    acap0010                         51.3820:41.6300                      0.0000      160        0
128    acap0011                         51.3820:41.6300                      0.0000      160        0
129    acap0012                         22.6800:25.3291                      0.0000      320        0
130    acap0012                         22.6800:25.3291                      90.0000      120        0
131    acap0013                         22.6800:25.3291                      0.0000      320        0
132    acap0013                         22.6800:25.3291                      90.0000      120        0
133    acap0014                         41.6300:51.3820                      0.0000      240        0
134    acap0015                         41.6300:51.3820                      0.0000      240        0
135    acap0016                         21.9680:26.0440                      0.0000      120        0
136    acap0016                         21.9680:26.0440                      90.0000       80        0
137    acap0017                         21.9680:26.0440                      0.0000      120        0
138    acap0017                         21.9680:26.0440                      90.0000       80        0
139    acap0018                         33.6600:38.0800                      0.0000       40        0
140    acap0018                         33.6600:38.0800                      90.0000      120        0
141    acap0020                         33.6600:38.0800                      0.0000       40        0
142    acap0020                         33.6600:38.0800                      90.0000      120        0
143    acap0023                         17.7200:23.6200                      0.0000       80        0
144    acap0030                         46.9350:63.7820                      0.0000       40        0
145    acap0031                         46.9350:63.7820                      0.0000       40        0
146    acap0035                         92.0728:128.2752                     0.0000       40        0
147    acap0036                         92.0728:129.5107                     0.0000       40        0
207    Rectangle Rounded                22.4389:55.1660:6.0000               0.0000       60        0
229    acap0042                         77.4180:77.0439                      0.0000       20        0
230    acap0043                         77.4180:77.0439                      0.0000       20        0
232    acap0045                         138.3839:36.6500                     0.0000       20        0
233    acap0045                         138.3839:36.6500                     180.000       20        0
234    acap0046                         86.0220:93.5020                      0.0000       20        0
235    acap0047                         86.0220:93.5020                      0.0000       20        0
236    acap0048                         103.5083:130.9237                    0.0000       20        0
237    acap0048                         103.5083:130.9237                    180.000       20        0
===================================================================================  =======   =======
                                                                            Totals:    3740        0
