18     Round                            40.0000                              0.0000       24        0
70     Oblong                           95.1000:15.1000                      0.0000      240        0
41     Round                            90.0000                              0.0000       24        0
42     Oblong                           8.8000:33.5000                       0.0000      168        0
44     Oblong                           16.0000:55.1000                      0.0000       96        0
46     Oblong                           33.0000:11.9000                      0.0000       36        0
47     Oblong                           11.9000:33.0000                      0.0000       36        0
49     Oblong                           12.0000:33.5000                      0.0000       30        0
51     Oblong                           16.0000:45.1000                      0.0000       72        0
52     Oblong                           22.0000:45.1000                      0.0000       72        0
54     Oblong                           40.0000:19.0000                      0.0000       72        0
79     Oblong                           16.0000:55.1000                      90.0000       96        0
80     Oblong                           8.8000:33.5000                       90.0000      168        0
82     acap0021                         45.1000:45.1000                      0.0000       18        0
83     acap0022                         45.1000:45.1000                      0.0000       18        0
84     acap0023                         23.8400:25.7400                      0.0000      120        0
85     acap0023                         23.8400:25.7400                      90.0000      108        0
86     acap0024                         23.8400:25.7400                      0.0000      120        0
87     acap0024                         23.8400:25.7400                      90.0000      108        0
88     acap0025                         35.1000:35.1000                      0.0000      114        0
89     acap0026                         35.1000:35.1000                      0.0000      114        0
90     acap0027                         35.1000:55.1000                      0.0000       54        0
91     acap0028                         33.3000:50.1000                      0.0000       12        0
92     acap0029                         33.3000:75.1000                      0.0000        6        0
93     acap0030                         80.8400:48.1900                      0.0000        6        0
94     acap0031                         80.8400:48.1900                      0.0000        6        0
95     acap0032                         15.7000:35.5000                      0.0000       48        0
96     acap0033                         35.1000:35.1000                      0.0000       42        0
97     acap0034                         35.1000:35.1000                      0.0000       42        0
98     acap0035                         43.3000:39.4000                      0.0000       24        0
99     acap0036                         71.1000:236.1000                     0.0000       24        0
100    acap0037                         20.0000:67.6000                      0.0000      192        0
101    acap0038                         20.0000:60.0000                      0.0000      120        0
102    acap0039                         60.0000:50.0000                      0.0000       48        0
