Project file name: g:\.shortcut-targets-by-id\10zyonn3mvbs_mgldllkvielpuxfjsxrq\1. roberto cruz\1. aguardando edição\42419 - sem_pi#2 - newsan - step\42419.cam
Time/Date:         16:44:17 segunda-feira, 24 de agosto de 2026
Layer: Layer_20
Dcode  Type                             Size                                 Angle   Flashes    Draws
=====  ================================ ===================================  ======  =======   =======
196    Rectangle Rounded                16.0000:50.6002:3.2000               0.0000      160        0
197    Oblong                           8.6000:50.6002                       0.0000      640        0
224    Oblong                           9.8000:30.0000                       0.0000      160        0
242    acap0051                         39.3874:74.2581                      0.0000       20        0
243    acap0052                         39.3825:74.2581                      0.0000       20        0
244    acap0053                         36.3825:74.3940                      0.0000       20        0
245    acap0054                         36.3824:74.3940                      0.0000       20        0
===================================================================================  =======   =======
                                                                            Totals:    1040        0
