22     acap0003                         10.1213:10.1234                      0.0000      456        0
23     acap0004                         10.1209:10.1241                      0.0000      912        0
24     acap0005                         10.1235:10.1238                      0.0000      384        0
25     acap0006                         10.1214:10.1244                      0.0000       46        0
26     Round                            8.2677                               0.0000     3864        0
27     Round                            8.2776                               0.0000      368        0
72     Round                            8.2775                               0.0000      212        0
73     Round                            8.3162                               0.0000       64        0
30     Round                            8.2762                               0.0000       24        0
31     Round                            8.2763                               0.0000       44        0
32     acap0007                         8.2283:8.2677                        0.0000      168        0
33     acap0007                         8.2283:8.2677                        90.0000       16        0
36     acap0008                         8.2677:8.2677                        0.0000      344        0
37     acap0009                         8.2283:8.3071                        0.0000       22        0
38     acap0009                         8.2283:8.3071                        90.0000       10        0
39     acap0010                         7.0866:7.8346                        0.0000       86        0
40     acap0011                         8.2677:8.3071                        0.0000       38        0
41     acap0011                         8.2677:8.3071                        90.0000      202        0
42     acap0012                         7.0866:7.8740                        0.0000      386        0
43     acap0013                         8.3071:8.3071                        0.0000       20        0
44     acap0015                         7.8876:7.0866                        0.0000      148        0
45     acap0016                         7.8879:7.0866                        0.0000       74        0
46     acap0017                         8.2283:8.2283                        0.0000       10        0
47     acap0018                         8.2680:8.3071                        0.0000       12        0
48     acap0019                         8.3110:8.3071                        0.0000        8        0
49     acap0020                         7.8873:7.0866                        0.0000       62        0
50     acap0021                         7.8887:7.0866                        0.0000       12        0
51     acap0022                         7.8898:7.0866                        0.0000        2        0
52     acap0023                         7.8508:7.0866                        0.0000        2        0
53     Round                            8.2393                               0.0000        8        0
54     acap0024                         8.1890:8.2677                        0.0000       10        0
55     acap0025                         7.8890:7.0866                        0.0000       40        0
56     acap0026                         9.8425:19.6850                       0.0000        2        0
57     acap0027                         9.8425:5.9055                        0.0000        4        0
58     acap0028                         8.3071:8.2680                        0.0000        2        0
59     acap0029                         9.0551:9.0551                        0.0000      858        0
60     acap0030                         7.0870:7.8740                        0.0000      104        0
61     acap0031                         7.8740:20.4724                       0.0000       32        0
62     acap0031                         7.8740:20.4724                       90.0000       28        0
63     acap0032                         7.8886:7.0866                        0.0000       24        0
64     acap0034                         7.0866:7.9134                        0.0000        2        0
65     acap0034                         7.0866:7.9134                        90.0000       24        0
66     acap0036                         20.8661:16.9291                      0.0000       14        0
67     acap0036                         20.8661:16.9291                      90.0000       20        0
68     acap0037                         20.8661:16.9291                      0.0000       14        0
69     acap0037                         20.8661:16.9291                      90.0000       20        0
74     acap0039                         17.7165:8.6614                       0.0000        4        0
75     acap0041                         10.1616:10.1476                      0.0000        2        0
76     acap0042                         10.1476:10.1616                      0.0000        2        0
77     acap0043                         17.8740:17.8740                      0.0000        2        0
78     acap0044                         17.8346:17.8740                      0.0000        2        0
79     acap0045                         7.8869:7.0866                        0.0000       24        0
80     acap0046                         7.8866:7.0866                        0.0000       24        0
81     acap0047                         6.7323:9.0551                        0.0000       10        0
82     acap0047                         6.7323:9.0551                        90.0000       14        0
83     acap0048                         22.8346:18.8976                      0.0000       30        0
84     acap0049                         22.8346:18.8976                      0.0000       36        0
85     acap0050                         22.8346:18.9370                      0.0000        6        0
86     acap0051                         33.4646:31.4961                      0.0000       16        0
87     acap0051                         33.4646:31.4961                      90.0000        8        0
88     acap0052                         7.8882:7.0866                        0.0000        4        0
89     acap0053                         7.8880:7.0866                        0.0000        4        0
90     acap0054                         7.8883:7.0866                        0.0000       10        0
91     acap0055                         10.7874:10.7874                      0.0000      330        0
92     acap0056                         8.6614:8.6614                        0.0000      208        0
93     acap0057                         7.8894:7.0866                        0.0000        2        0
94     acap0058                         7.8896:7.0866                        0.0000        2        0
95     acap0060                         8.3465:8.2677                        0.0000        2        0
96     acap0061                         7.0871:7.8740                        0.0000       20        0
97     acap0062                         7.0872:7.8740                        0.0000       12        0
98     acap0063                         7.8892:7.0866                        0.0000       18        0
99     acap0064                         9.0551:6.6929                        0.0000      778        0
100    acap0064                         9.0551:6.6929                        90.0000      986        0
101    acap0065                         11.8110:5.9055                       0.0000       36        0
102    acap0065                         11.8110:5.9055                       90.0000       12        0
103    acap0066                         10.0394:9.8425                       0.0000        6        0
104    acap0067                         12.9921:12.9921                      0.0000        8        0
105    acap0068                         7.0874:7.8740                        0.0000       20        0
106    acap0069                         25.5906:16.7323                      0.0000      100        0
107    acap0069                         25.5906:16.7323                      90.0000       24        0
108    Round                            7.8740                               0.0000      324        0
109    acap0070                         7.8880:7.0887                        0.0000        8        0
110    acap0071                         12.5984:8.2677                       0.0000       28        0
111    acap0072                         7.8740:7.8740                        0.0000        2        0
112    acap0073                         7.9280:7.8740                        0.0000        2        0
113    acap0074                         10.6299:7.4803                       0.0000        8        0
114    acap0075                         7.0872:7.8740                        0.0000        2        0
115    acap0076                         7.0907:8.6614                        0.0000        2        0
116    acap0077                         16.5354:7.8740                       0.0000        8        0
117    acap0078                         11.8110:9.8425                       0.0000        2        0
118    acap0079                         7.8780:7.8740                        0.0000        2        0
119    acap0080                         7.9255:7.8740                        0.0000        2        0
121    acap0081                         7.0866:11.8110                       0.0000       56        0
122    acap0081                         7.0866:11.8110                       90.0000       56        0
123    acap0082                         12.9528:12.9528                      0.0000       40        0
124    acap0083                         7.9134:7.8740                        0.0000       24        0
125    acap0083                         7.9134:7.8740                        90.0000        8        0
126    acap0084                         9.0551:7.4803                        0.0000        2        0
127    acap0084                         9.0551:7.4803                        90.0000        2        0
128    acap0085                         7.8883:7.0887                        0.0000       10        0
129    acap0086                         16.5354:7.0866                       0.0000        8        0
130    acap0087                         7.0924:8.6614                        0.0000        2        0
131    acap0088                         11.8110:9.0551                       0.0000        2        0
132    acap0089                         9.8425:7.0866                        0.0000        8        0
133    acap0090                         7.0866:12.9921                       0.0000       48        0
134    acap0090                         7.0866:12.9921                       90.0000       36        0
135    acap0091                         15.7480:17.7165                      0.0000       24        0
136    acap0092                         11.0236:11.8110                      0.0000        8        0
137    acap0093                         9.0945:6.6929                        0.0000        2        0
138    acap0094                         8.2677:11.0236                       0.0000        8        0
139    acap0095                         8.2677:9.8425                        0.0000       36        0
140    acap0095                         8.2677:9.8425                        90.0000       16        0
141    acap0096                         17.2441:10.8268                      0.0000       12        0
142    acap0097                         9.0945:9.0551                        0.0000        2        0
143    acap0098                         9.0157:6.6929                        0.0000        2        0
144    acap0099                         9.0161:9.0551                        0.0000        2        0
145    acap0100                         15.7480:14.9606                      0.0000       12        0
146    acap0101                         9.8425:9.8425                        0.0000       16        0
147    acap0102                         15.3543:7.0472                       0.0000        2        0
148    acap0103                         19.2913:7.0472                       0.0000        2        0
149    acap0104                         25.5906:16.7329                      0.0000        8        0
150    acap0105                         5.9055:9.8425                        0.0000        8        0
151    acap0106                         25.5906:16.7333                      0.0000        4        0
152    acap0107                         7.8895:7.0866                        0.0000        2        0
153    acap0108                         7.8740:9.0551                        0.0000       24        0
154    acap0108                         7.8740:9.0551                        90.0000       12        0
155    acap0109                         17.7559:13.6220                      0.0000        2        0
156    acap0110                         17.7165:13.6220                      0.0000        2        0
157    acap0111                         17.7165:13.5433                      0.0000        2        0
158    acap0112                         17.7559:13.5433                      0.0000        2        0
159    acap0113                         16.7717:17.7165                      0.0000        8        0
160    acap0114                         8.6614:15.7480                       0.0000        4        0
161    acap0115                         24.5669:7.9134                       0.0000        2        0
162    acap0116                         24.5669:7.8740                       0.0000        2        0
164    acap0118                         20.8661:6.8898                       0.0000       12        0
165    acap0119                         10.1755:10.1477                      0.0000        4        0
166    acap0120                         9.8425:15.7703                       0.0000        2        0
167    acap0120                         9.8425:15.7703                       90.0000        2        0
168    acap0121                         15.7480:11.8520                      0.0000      132        0
169    acap0121                         15.7480:11.8520                      90.0000      152        0
170    acap0122                         9.8425:15.7431                       0.0000        2        0
171    acap0122                         9.8425:15.7431                       90.0000        2        0
172    acap0123                         15.7480:11.8110                      0.0000       12        0
173    acap0124                         20.1181:20.1181                      0.0000        4        0
174    acap0125                         9.8425:15.7349                       0.0000        2        0
175    acap0125                         9.8425:15.7349                       90.0000        2        0
176    acap0126                         41.2992:39.3701                      0.0000        8        0
177    acap0127                         9.8425:15.7598                       0.0000        2        0
178    acap0127                         9.8425:15.7598                       90.0000        2        0
179    acap0128                         17.7165:29.5276                      0.0000        6        0
180    acap0128                         17.7165:29.5276                      90.0000        2        0
181    acap0129                         17.7157:29.5276                      0.0000        6        0
182    acap0129                         17.7157:29.5276                      90.0000        2        0
183    acap0130                         17.7157:21.6535                      0.0000        4        0
184    acap0131                         17.7165:21.6535                      0.0000        4        0
185    acap0132                         17.7157:21.6535                      0.0000        4        0
186    acap0133                         17.7157:21.6535                      0.0000        4        0
187    acap0134                         23.6220:7.8740                       0.0000       16        0
188    acap0134                         23.6220:7.8740                       90.0000       14        0
189    acap0135                         7.8740:27.5591                       0.0000        2        0
190    acap0136                         19.6843:23.6220                      0.0000       12        0
191    acap0137                         19.6843:23.6220                      0.0000       12        0
192    acap0138                         19.6850:23.6220                      0.0000       12        0
193    acap0139                         19.6843:23.6220                      0.0000       12        0
194    acap0140                         22.6555:16.3386                      0.0000       16        0
195    acap0141                         23.6220:23.6220                      0.0000        6        0
196    acap0142                         23.6220:19.6850                      0.0000        4        0
197    acap0143                         23.6218:23.6220                      0.0000        2        0
198    acap0144                         31.4961:17.7165                      0.0000        2        0
199    acap0145                         31.4961:17.7165                      0.0000        2        0
200    acap0146                         31.4961:17.7165                      0.0000        2        0
201    acap0147                         31.4961:17.7165                      0.0000        2        0
202    acap0148                         21.6535:19.6850                      0.0000        2        0
203    acap0149                         21.6535:19.6850                      0.0000        2        0
204    acap0150                         21.6535:19.6850                      0.0000        2        0
205    acap0151                         21.6535:19.6850                      0.0000        2        0
206    acap0152                         7.8906:7.0866                        0.0000        4        0
207    acap0153                         17.7165:11.8504                      0.0000       12        0
212    acap0003                         10.1213:10.1234                      180.000      456        0
213    acap0004                         10.1209:10.1241                      180.000      912        0
214    acap0005                         10.1235:10.1238                      180.000      384        0
215    acap0006                         10.1214:10.1244                      180.000       46        0
216    acap0007                         8.2283:8.2677                        180.000      168        0
217    acap0007                         8.2283:8.2677                        270.000       16        0
218    acap0008                         8.2677:8.2677                        180.000      344        0
219    acap0009                         8.2283:8.3071                        270.000       10        0
220    acap0009                         8.2283:8.3071                        180.000       22        0
221    acap0010                         7.0866:7.8346                        180.000       86        0
222    acap0011                         8.2677:8.3071                        270.000      202        0
223    acap0011                         8.2677:8.3071                        180.000       38        0
224    acap0012                         7.0866:7.8740                        180.000      386        0
225    acap0013                         8.3071:8.3071                        180.000       20        0
226    acap0015                         7.8876:7.0866                        180.000      148        0
227    acap0016                         7.8879:7.0866                        180.000       74        0
228    acap0017                         8.2283:8.2283                        180.000       10        0
229    acap0018                         8.2680:8.3071                        180.000       12        0
230    acap0019                         8.3110:8.3071                        180.000        8        0
231    acap0020                         7.8873:7.0866                        180.000       62        0
232    acap0021                         7.8887:7.0866                        180.000       12        0
233    acap0022                         7.8898:7.0866                        180.000        2        0
234    acap0023                         7.8508:7.0866                        180.000        2        0
235    acap0024                         8.1890:8.2677                        180.000       10        0
236    acap0025                         7.8890:7.0866                        180.000       40        0
237    acap0026                         9.8425:19.6850                       180.000        2        0
238    acap0027                         9.8425:5.9055                        180.000        4        0
239    acap0028                         8.3071:8.2680                        180.000        2        0
240    acap0029                         9.0551:9.0551                        180.000      858        0
241    acap0030                         7.0870:7.8740                        180.000      104        0
242    acap0031                         7.8740:20.4724                       180.000       32        0
243    acap0031                         7.8740:20.4724                       270.000       28        0
244    acap0032                         7.8886:7.0866                        180.000       24        0
245    acap0034                         7.0866:7.9134                        270.000       24        0
246    acap0034                         7.0866:7.9134                        180.000        2        0
247    acap0036                         20.8661:16.9291                      180.000       14        0
248    acap0036                         20.8661:16.9291                      270.000       20        0
249    acap0037                         20.8661:16.9291                      180.000       14        0
250    acap0037                         20.8661:16.9291                      270.000       20        0
251    acap0039                         17.7165:8.6614                       180.000        4        0
252    acap0041                         10.1616:10.1476                      180.000        2        0
253    acap0042                         10.1476:10.1616                      180.000        2        0
254    acap0043                         17.8740:17.8740                      180.000        2        0
255    acap0044                         17.8346:17.8740                      180.000        2        0
256    acap0045                         7.8869:7.0866                        180.000       24        0
257    acap0046                         7.8866:7.0866                        180.000       24        0
258    acap0047                         6.7323:9.0551                        180.000       10        0
259    acap0047                         6.7323:9.0551                        270.000       14        0
260    acap0048                         22.8346:18.8976                      180.000       30        0
261    acap0049                         22.8346:18.8976                      180.000       36        0
262    acap0050                         22.8346:18.9370                      180.000        6        0
263    acap0051                         33.4646:31.4961                      180.000       16        0
264    acap0051                         33.4646:31.4961                      270.000        8        0
265    acap0052                         7.8882:7.0866                        180.000        4        0
266    acap0053                         7.8880:7.0866                        180.000        4        0
267    acap0054                         7.8883:7.0866                        180.000       10        0
268    acap0055                         10.7874:10.7874                      180.000      330        0
269    acap0056                         8.6614:8.6614                        180.000      208        0
270    acap0057                         7.8894:7.0866                        180.000        2        0
271    acap0058                         7.8896:7.0866                        180.000        2        0
272    acap0060                         8.3465:8.2677                        180.000        2        0
273    acap0061                         7.0871:7.8740                        180.000       20        0
274    acap0062                         7.0872:7.8740                        180.000       12        0
275    acap0063                         7.8892:7.0866                        180.000       18        0
276    acap0064                         9.0551:6.6929                        270.000      986        0
277    acap0064                         9.0551:6.6929                        180.000      778        0
278    acap0065                         11.8110:5.9055                       270.000       12        0
279    acap0065                         11.8110:5.9055                       180.000       36        0
280    acap0066                         10.0394:9.8425                       180.000        6        0
281    acap0067                         12.9921:12.9921                      180.000        8        0
282    acap0068                         7.0874:7.8740                        180.000       20        0
283    acap0069                         25.5906:16.7323                      180.000      100        0
284    acap0069                         25.5906:16.7323                      270.000       24        0
285    acap0070                         7.8880:7.0887                        180.000        8        0
286    acap0071                         12.5984:8.2677                       180.000       28        0
287    acap0072                         7.8740:7.8740                        180.000        2        0
288    acap0073                         7.9280:7.8740                        180.000        2        0
289    acap0074                         10.6299:7.4803                       180.000        8        0
290    acap0075                         7.0872:7.8740                        180.000        2        0
291    acap0076                         7.0907:8.6614                        180.000        2        0
292    acap0077                         16.5354:7.8740                       180.000        8        0
293    acap0078                         11.8110:9.8425                       180.000        2        0
294    acap0079                         7.8780:7.8740                        180.000        2        0
295    acap0080                         7.9255:7.8740                        180.000        2        0
296    acap0081                         7.0866:11.8110                       270.000       56        0
297    acap0081                         7.0866:11.8110                       180.000       56        0
298    acap0082                         12.9528:12.9528                      180.000       40        0
299    acap0083                         7.9134:7.8740                        180.000       24        0
300    acap0083                         7.9134:7.8740                        270.000        8        0
301    acap0084                         9.0551:7.4803                        270.000        2        0
302    acap0084                         9.0551:7.4803                        180.000        2        0
303    acap0085                         7.8883:7.0887                        180.000       10        0
304    acap0086                         16.5354:7.0866                       180.000        8        0
305    acap0087                         7.0924:8.6614                        180.000        2        0
306    acap0088                         11.8110:9.0551                       180.000        2        0
307    acap0089                         9.8425:7.0866                        180.000        8        0
308    acap0090                         7.0866:12.9921                       180.000       48        0
309    acap0090                         7.0866:12.9921                       270.000       36        0
310    acap0091                         15.7480:17.7165                      180.000       24        0
311    acap0092                         11.0236:11.8110                      180.000        8        0
312    acap0093                         9.0945:6.6929                        180.000        2        0
313    acap0094                         8.2677:11.0236                       180.000        8        0
314    acap0095                         8.2677:9.8425                        180.000       36        0
315    acap0095                         8.2677:9.8425                        270.000       16        0
316    acap0096                         17.2441:10.8268                      180.000       12        0
317    acap0097                         9.0945:9.0551                        180.000        2        0
318    acap0098                         9.0157:6.6929                        180.000        2        0
319    acap0099                         9.0161:9.0551                        180.000        2        0
320    acap0100                         15.7480:14.9606                      180.000       12        0
321    acap0101                         9.8425:9.8425                        180.000       16        0
322    acap0102                         15.3543:7.0472                       180.000        2        0
323    acap0103                         19.2913:7.0472                       180.000        2        0
324    acap0104                         25.5906:16.7329                      180.000        8        0
325    acap0105                         5.9055:9.8425                        180.000        8        0
326    acap0106                         25.5906:16.7333                      180.000        4        0
327    acap0107                         7.8895:7.0866                        180.000        2        0
328    acap0108                         7.8740:9.0551                        180.000       24        0
329    acap0108                         7.8740:9.0551                        270.000       12        0
330    acap0109                         17.7559:13.6220                      180.000        2        0
331    acap0110                         17.7165:13.6220                      180.000        2        0
332    acap0111                         17.7165:13.5433                      180.000        2        0
333    acap0112                         17.7559:13.5433                      180.000        2        0
334    acap0113                         16.7717:17.7165                      180.000        8        0
335    acap0114                         8.6614:15.7480                       180.000        4        0
336    acap0115                         24.5669:7.9134                       180.000        2        0
337    acap0116                         24.5669:7.8740                       180.000        2        0
339    acap0118                         20.8661:6.8898                       180.000       12        0
340    acap0119                         10.1755:10.1477                      180.000        4        0
341    acap0120                         9.8425:15.7703                       270.000        2        0
342    acap0120                         9.8425:15.7703                       180.000        2        0
343    acap0121                         15.7480:11.8520                      270.000      152        0
344    acap0121                         15.7480:11.8520                      180.000      132        0
345    acap0122                         9.8425:15.7431                       270.000        2        0
346    acap0122                         9.8425:15.7431                       180.000        2        0
347    acap0123                         15.7480:11.8110                      180.000       12        0
348    acap0124                         20.1181:20.1181                      180.000        4        0
349    acap0125                         9.8425:15.7349                       270.000        2        0
350    acap0125                         9.8425:15.7349                       180.000        2        0
351    acap0126                         41.2992:39.3701                      180.000        8        0
352    acap0127                         9.8425:15.7598                       270.000        2        0
353    acap0127                         9.8425:15.7598                       180.000        2        0
354    acap0128                         17.7165:29.5276                      270.000        2        0
355    acap0128                         17.7165:29.5276                      180.000        6        0
356    acap0129                         17.7157:29.5276                      180.000        6        0
357    acap0129                         17.7157:29.5276                      270.000        2        0
358    acap0130                         17.7157:21.6535                      180.000        4        0
359    acap0131                         17.7165:21.6535                      180.000        4        0
360    acap0132                         17.7157:21.6535                      180.000        4        0
361    acap0133                         17.7157:21.6535                      180.000        4        0
362    acap0134                         23.6220:7.8740                       270.000       14        0
363    acap0134                         23.6220:7.8740                       180.000       16        0
364    acap0135                         7.8740:27.5591                       180.000        2        0
365    acap0136                         19.6843:23.6220                      180.000       12        0
366    acap0137                         19.6843:23.6220                      180.000       12        0
367    acap0138                         19.6850:23.6220                      180.000       12        0
368    acap0139                         19.6843:23.6220                      180.000       12        0
369    acap0140                         22.6555:16.3386                      180.000       16        0
370    acap0141                         23.6220:23.6220                      180.000        6        0
371    acap0142                         23.6220:19.6850                      180.000        4        0
372    acap0143                         23.6218:23.6220                      180.000        2        0
373    acap0144                         31.4961:17.7165                      180.000        2        0
374    acap0145                         31.4961:17.7165                      180.000        2        0
375    acap0146                         31.4961:17.7165                      180.000        2        0
376    acap0147                         31.4961:17.7165                      180.000        2        0
377    acap0148                         21.6535:19.6850                      180.000        2        0
378    acap0149                         21.6535:19.6850                      180.000        2        0
379    acap0150                         21.6535:19.6850                      180.000        2        0
380    acap0151                         21.6535:19.6850                      180.000        2        0
381    acap0152                         7.8906:7.0866                        180.000        4        0
382    acap0153                         17.7165:11.8504                      180.000       12        0
