89     Rectangle Rounded                196.8504:303.1496:12.0000            0.0000        2        0
90     Rectangle Rounded                303.1496:196.8504:12.0000            0.0000        1        0
131    Round                            55.1181                              0.0000       16        0
180    Oblong                           74.8031:122.0471                     0.0000        8        0
181    Oblong                           86.6142:62.9921                      0.0000        4        0
182    Oblong                           346.9698:31.4961                     0.0000        5        0
183    Oblong                           357.1236:31.4961                     0.0000        5        0
184    Oblong                           100.7795:31.4961                     0.0000        2        0
185    Oblong                           79.9173:31.4961                      0.0000        5        0
186    Oblong                           41.7244:31.4961                      0.0000        1        0
187    Oblong                           268.2874:31.4961                     0.0000        1        0
188    Oblong                           222.5472:31.4961                     0.0000        6        0
189    Oblong                           120.4646:31.4961                     0.0000        2        0
191    Oblong                           418.6203:31.4961                     0.0000       17        0
192    Oblong                           212.5984:31.4961                     0.0000        4        0
193    Oblong                           380.3210:31.4961                     0.0000        4        0
194    Oblong                           380.6771:31.4961                     0.0000        5        0
195    Oblong                           344.5283:31.4961                     0.0000        4        0
196    Oblong                           382.2822:31.4961                     0.0000        2        0
197    Oblong                           303.5421:31.4961                     0.0000        5        0
198    Oblong                           338.9752:31.4961                     0.0000        2        0
200    Oblong                           340.0002:31.4961                     0.0000        1        0
201    Oblong                           312.0002:31.4961                     0.0000        1        0
202    Oblong                           375.0019:31.4961                     0.0000        8        0
203    Oblong                           387.0620:31.4961                     0.0000        4        0
204    Oblong                           243.5592:31.4961                     0.0000        1        0
205    Rectangle Rounded                91.0000:91.0000:7.0000               0.0000        2        0
206    Rectangle                        203.1143:31.4961                     0.0000        1        0
207    Oblong                           244.5236:31.4961                     0.0000        1        0
209    Oblong                           309.3110:31.4961                     0.0000        1        0
210    Oblong                           177.5945:31.4961                     0.0000        1        0
211    Oblong                           205.1535:31.4961                     0.0000        1        0
212    Rectangle                        165.7835:31.4961                     0.0000        1        0
213    Oblong                           258.4969:31.4961                     0.0000        5        0
214    Oblong                           514.4024:31.4961                     0.0000        2        0
215    Oblong                           337.2370:31.4961                     0.0000        1        0
216    Oblong                           223.4213:31.4961                     0.0000        1        0
217    Oblong                           285.9370:31.4961                     0.0000        4        0
218    Oblong                           241.0630:31.4961                     0.0000        1        0
219    Oblong                           463.0943:31.4961                     0.0000        2        0
220    Oblong                           270.1809:31.4961                     0.0000        1        0
221    Oblong                           211.1257:31.4961                     0.0000        3        0
222    Oblong                           200.8268:31.4961                     0.0000        1        0
223    Oblong                           176.4781:31.4961                     0.0000        2        0
224    Oblong                           288.6654:31.4961                     0.0000        1        0
225    Oblong                           265.2362:31.4961                     0.0000        2        0
226    Oblong                           209.9252:31.4961                     0.0000        1        0
227    Oblong                           170.5551:31.4961                     0.0000        1        0
228    Oblong                           125.3425:31.4961                     0.0000        1        0
229    Oblong                           180.4370:31.4961                     0.0000        1        0
230    Oblong                           412.7126:31.4961                     0.0000        1        0
231    Oblong                           545.7323:31.4961                     0.0000        1        0
232    Oblong                           72.9055:31.4961                      0.0000        1        0
233    Oblong                           274.6535:31.4961                     0.0000        3        0
234    Oblong                           275.5439:31.4961                     0.0000        1        0
235    Oblong                           254.4220:31.4961                     0.0000        1        0
236    Oblong                           328.5748:31.4961                     0.0000        1        0
237    Oblong                           218.5800:31.4961                     0.0000        1        0
238    Oblong                           278.2969:31.4961                     0.0000        1        0
255    acap0159                         185.0000:118.1200                    90.0000        1        0
256    acap0156                         204.7200:110.1200                    90.0000        2        0
257    acap0157                         263.7800:83.0000                     90.0000        2        0
258    acap0160                         114.1800:200.0000                    90.0000        1        0
259    acap0162                         145.0000:149.6000                    90.0000        1        0
260    acap0155                         125.9800:180.0000                    90.0000        1        0
261    acap0151                         92.5200:204.7200                     180.000        4        0
262    acap0152                         204.7200:46.2600                     180.000        1        0
263    acap0153                         204.7200:138.7800                    180.000        1        0
264    Rectangle Rounded                82.9921:60.0000:6.0000               0.0000       12        0
